抓取 MyCareersFuture…
  拿到 1141 条
抓取公司 ATS…
  [OK] GovTech Singapore (greenhouse)
  [OK] Ninja Van (lever)
  [OK] Nium (lever)
  [OK] Grab (smartrecruiters)
  [OK] Stripe (greenhouse)
  [OK] Thoughtworks (greenhouse)
  [OK] Xendit (greenhouse)
  [OK] ByteDance (smartrecruiters)
  [OK] Micron (workday)
  [OK] GlobalFoundries (workday)
  [OK] Applied Materials (workday)
  [OK] Medtronic (workday)
  [OK] EssilorLuxottica (smartrecruiters)
  [OK] Continental (smartrecruiters)
  [OK] SHEIN (greenhouse)
  [OK] GitLab (greenhouse)
  [OK] KLA (workday)
  [OK] Western Digital (smartrecruiters)
  [OK] Carl Zeiss (lever)
  [OK] Rolls-Royce (workday)
  [OK] AMD (phenom)
  [OK] Keysight (phenom)
  [OK] ST Engineering (successfactors)
  [OK] HOYA (oracle)
  [OK] SAP (successfactors)
  [OK] Festo (successfactors)
  [OK] Schaeffler (successfactors)
  [OK] Bayer (successfactors)
  [OK] ZF (successfactors)
  拿到 4049 条
丢弃过期职位 1 条(发布超过 365 天)

过滤后 664 / 5190 条符合关键词+地点

★ 新职位 43 条
  · Engineering Manager — IKAS INTERNATIONAL (ASIA) PTE.
  · Engineering Manager — NES GLOBAL PTE. LTD.
  · ENGINEERING MANAGER- plumbing service — PENG CHIN ENGINEERING PTE. LTD
  · Electrical Engineering Manager (ACMV) #10376 — ANRADUS PTE. LTD.
  · Engineering Manager — KEPPEL SEGHERS ENGINEERING SIN
  · Technical Delivery Manager — PERSOL SINGAPORE PTE. LTD.
  · IT Service Delivery Manager (Managed Services) — EVERNET SYSTEMS PRIVATE LIMITE
  · IT Project Manager — KOPI RECRUIT PTE. LTD.
  · *GOV* IT Project Manager — SCIENTEC CONSULTING PTE. LTD.
  · IT Project Manager (Application & System Projects) — OPTIMUM SOLUTIONS (SINGAPORE) 
  · Senior IT Project Manager – Banking & Digital Transformation — RISKDATA CONSULTING PTE. LTD.
  · IT Project Manager (Information Technology) — SIMPLE SOLUTION SYSTEMS PTE. L
  · Project Manager — RAPID RECRUITMENT ASIA PTE. LT
  · Project Manager — INNOVATIQ TECHNOLOGIES PTE. LT
  · Project Manager - East (Agency contract) — PERSOL SINGAPORE PTE. LTD.
  …另有 28 条

报告已生成: /home/runner/work/jobwatch_singapor/jobwatch_singapor/digest.html
